// Jest Snapshot v1, https://goo.gl/fbAQLP

exports[`Testing snapshot for Hubspot's customObject destination action: all fields 1`] = `
Object {
  "testType": "F5*x9**)oacu8Lm@",
}
`;

exports[`Testing snapshot for Hubspot's customObject destination action: required fields 1`] = `
Object {
  "testType": "F5*x9**)oacu8Lm@",
}
`;
