// Jest Snapshot v1, https://goo.gl/fbAQLP

exports[`Testing snapshot for actions-hubspot-cloud destination: customObject action - all fields 1`] = `
Object {
  "testType": "SzbN9)%",
}
`;

exports[`Testing snapshot for actions-hubspot-cloud destination: customObject action - required fields 1`] = `
Object {
  "testType": "SzbN9)%",
}
`;
